MB magic=0x2BADB002
[IDT] Kurulum basliyor...
MBI flags=0x0x1A67
FB INIT: addr=0xFD000000 w=1920 h=1080 pitchB=7680 pitchP=1920
FS Init edildi
[ATA] root=QEMU HARDDISK base=0x1F0 drive=0xA0
[KVXFS] reading meta lba=2048 sectors=4
[KVXFS] magic='%.6s'
[KVXFS] magic mismatch (need %.6s)
KVXFS: Kalici disk bulunamadi veya formatli degil.
[FS] user layout ok: /home/anil
[THEME] bootstrap called
[KVXFS] reading meta lba=2048 sectors=4
[KVXFS] magic='%.6s'
[KVXFS] magic mismatch (need %.6s)
[THEME] SEC_WINDOW key='window_bg' val='#202020'
[THEME] loaded: /persist/theme.kth (372 bytes)
[UI] ui_init
[UI] icons init
[ICON] close init enter bitmap(1,2)=1
[ICON] close init exit argb[10]=0x0x0
[UI] close[0]=0x0x0 close[10]=0x0x0
[THEME] bootstrap called
AppManager: baslatildi.
[KuvixOS] Veri diskten notum.txt olarak yuklendi.
[Desktop] open: label=notum.txt path=/home/anil/desktop/notum.txt
[AppMgr] open_path: '/home/anil/desktop/notum.txt'
[Notepad] open_file queued: '/home/anil/desktop/notum.txt'
[Notepad] pending open: '/home/anil/desktop/notum.txt'
[Notepad] read_all: result=1 size=15
[Notepad] draw: menu=0 dirty=0 saveDlg=0 openDlg=0 msgBox=0
[Notepad] draw: menu=0 dirty=0 saveDlg=0 openDlg=0 msgBox=0
[Notepad] draw: menu=0 dirty=0 saveDlg=0 openDlg=0 msgBox=0
[Notepad] draw: menu=0 dirty=0 saveDlg=0 openDlg=0 msgBox=0
[Notepad] draw: menu=0 dirty=0 saveDlg=0 openDlg=0 msgBox=0
[Notepad] draw: menu=0 dirty=0 saveDlg=0 openDlg=0 msgBox=0
[Notepad] draw: menu=0 dirty=0 saveDlg=0 openDlg=0 msgBox=0
[Notepad] draw: menu=0 dirty=0 saveDlg=0 openDlg=0 msgBox=0
[Notepad] draw: menu=0 dirty=0 saveDlg=0 openDlg=0 msgBox=0
[Notepad] draw: menu=0 dirty=0 saveDlg=0 openDlg=0 msgBox=0
[Notepad] draw: menu=0 dirty=0 saveDlg=0 openDlg=0 msgBox=0
[Notepad] draw: menu=0 dirty=0 saveDlg=0 openDlg=0 msgBox=0
[Notepad] draw: menu=0 dirty=0 saveDlg=0 openDlg=0 msgBox=0
[Notepad] draw: menu=0 dirty=0 saveDlg=0 openDlg=0 msgBox=0
[Notepad] draw: menu=0 dirty=0 saveDlg=0 openDlg=0 msgBox=0
[Notepad] draw: menu=0 dirty=0 saveDlg=0 openDlg=0 msgBox=0
[Notepad] draw: menu=0 dirty=0 saveDlg=0 openDlg=0 msgBox=0
[Notepad] draw: menu=0 dirty=0 saveDlg=0 openDlg=0 msgBox=0
[Notepad] draw: menu=0 dirty=0 saveDlg=0 openDlg=0 msgBox=0
[Notepad] draw: menu=0 dirty=0 saveDlg=0 openDlg=0 msgBox=0
[Notepad] draw: menu=0 dirty=0 saveDlg=0 openDlg=0 msgBox=0
[Notepad] draw: menu=0 dirty=0 saveDlg=0 openDlg=0 msgBox=0
[Notepad] draw: menu=0 dirty=0 saveDlg=0 openDlg=0 msgBox=0
[Notepad] draw: menu=0 dirty=0 saveDlg=0 openDlg=0 msgBox=0
[Notepad] draw: menu=0 dirty=0 saveDlg=0 openDlg=0 msgBox=0
[Notepad] draw: menu=0 dirty=0 saveDlg=0 openDlg=0 msgBox=0
[Notepad] draw: menu=0 dirty=0 saveDlg=0 openDlg=0 msgBox=0
[Notepad] draw: menu=0 dirty=0 saveDlg=0 openDlg=0 msgBox=0
[Notepad] draw: menu=0 dirty=0 saveDlg=0 openDlg=0 msgBox=0
[Notepad] draw: menu=0 dirty=0 saveDlg=0 openDlg=0 msgBox=0
[Notepad] draw: menu=0 dirty=0 saveDlg=0 openDlg=0 msgBox=0
[Notepad] draw: menu=0 dirty=0 saveDlg=0 openDlg=0 msgBox=0
[Notepad] draw: menu=0 dirty=0 saveDlg=0 openDlg=0 msgBox=0
[Notepad] draw: menu=0 dirty=0 saveDlg=0 openDlg=0 msgBox=0
[Notepad] draw: menu=0 dirty=0 saveDlg=0 openDlg=0 msgBox=0
[Notepad] draw: menu=0 dirty=0 saveDlg=0 openDlg=0 msgBox=0
[Notepad] draw: menu=0 dirty=0 saveDlg=0 openDlg=0 msgBox=0
[Notepad] draw: menu=0 dirty=0 saveDlg=0 openDlg=0 msgBox=0
[Notepad] draw: menu=0 dirty=0 saveDlg=0 openDlg=0 msgBox=0
[Notepad] draw: menu=0 dirty=0 saveDlg=0 openDlg=0 msgBox=0
[Notepad] draw: menu=0 dirty=0 saveDlg=0 openDlg=0 msgBox=0
[Notepad] draw: menu=0 dirty=0 saveDlg=0 openDlg=0 msgBox=0
[Notepad] draw: menu=0 dirty=0 saveDlg=0 openDlg=0 msgBox=0
[Notepad] draw: menu=0 dirty=0 saveDlg=0 openDlg=0 msgBox=0
[Notepad] draw: menu=0 dirty=0 saveDlg=0 openDlg=0 msgBox=0
[Notepad] draw: menu=0 dirty=0 saveDlg=0 openDlg=0 msgBox=0
[Notepad] draw: menu=0 dirty=0 saveDlg=0 openDlg=0 msgBox=0
[Notepad] draw: menu=0 dirty=0 saveDlg=0 openDlg=0 msgBox=0
[Notepad] draw: menu=0 dirty=0 saveDlg=0 openDlg=0 msgBox=0
[Notepad] draw: menu=0 dirty=0 saveDlg=0 openDlg=0 msgBox=0
[Notepad] draw: menu=0 dirty=0 saveDlg=0 openDlg=0 msgBox=0
[Notepad] draw: menu=0 dirty=0 saveDlg=0 openDlg=0 msgBox=0
[Notepad] draw: menu=0 dirty=0 saveDlg=0 openDlg=0 msgBox=0
[Notepad] draw: menu=0 dirty=0 saveDlg=0 openDlg=0 msgBox=0
[Notepad] draw: menu=0 dirty=0 saveDlg=0 openDlg=0 msgBox=0
[Notepad] draw: menu=0 dirty=0 saveDlg=0 openDlg=0 msgBox=0
[Notepad] draw: menu=0 dirty=0 saveDlg=0 openDlg=0 msgBox=0
[Notepad] draw: menu=0 dirty=0 saveDlg=0 openDlg=0 msgBox=0
[Notepad] draw: menu=0 dirty=0 saveDlg=0 openDlg=0 msgBox=0
[Notepad] draw: menu=0 dirty=0 saveDlg=0 openDlg=0 msgBox=0
[Notepad] draw: menu=0 dirty=0 saveDlg=0 openDlg=0 msgBox=0
[Notepad] draw: menu=0 dirty=0 saveDlg=0 openDlg=0 msgBox=0
[Notepad] draw: menu=0 dirty=0 saveDlg=0 openDlg=0 msgBox=0
[Notepad] draw: menu=0 dirty=0 saveDlg=0 openDlg=0 msgBox=0
[Notepad] draw: menu=0 dirty=0 saveDlg=0 openDlg=0 msgBox=0
[Notepad] draw: menu=0 dirty=0 saveDlg=0 openDlg=0 msgBox=0
[Notepad] draw: menu=0 dirty=0 saveDlg=0 openDlg=0 msgBox=0
[Notepad] draw: menu=0 dirty=0 saveDlg=0 openDlg=0 msgBox=0
[Notepad] draw: menu=0 dirty=0 saveDlg=0 openDlg=0 msgBox=0
[Notepad] draw: menu=0 dirty=0 saveDlg=0 openDlg=0 msgBox=0
[Notepad] draw: menu=0 dirty=0 saveDlg=0 openDlg=0 msgBox=0
[Notepad] draw: menu=0 dirty=0 saveDlg=0 openDlg=0 msgBox=0
[Notepad] draw: menu=0 dirty=0 saveDlg=0 openDlg=0 msgBox=0
[Notepad] draw: menu=0 dirty=0 saveDlg=0 openDlg=0 msgBox=0
[Notepad] draw: menu=0 dirty=0 saveDlg=0 openDlg=0 msgBox=0
[Notepad] draw: menu=0 dirty=0 saveDlg=0 openDlg=0 msgBox=0
[Notepad] draw: menu=0 dirty=0 saveDlg=0 openDlg=0 msgBox=0
[Notepad] draw: menu=0 dirty=0 saveDlg=0 openDlg=0 msgBox=0
[Notepad] draw: menu=0 dirty=0 saveDlg=0 openDlg=0 msgBox=0
[Notepad] draw: menu=0 dirty=0 saveDlg=0 openDlg=0 msgBox=0
[Notepad] draw: menu=0 dirty=0 saveDlg=0 openDlg=0 msgBox=0
[Notepad] draw: menu=0 dirty=0 saveDlg=0 openDlg=0 msgBox=0
[Notepad] draw: menu=0 dirty=0 saveDlg=0 openDlg=0 msgBox=0
[Notepad] draw: menu=0 dirty=0 saveDlg=0 openDlg=0 msgBox=0
[Notepad] draw: menu=0 dirty=0 saveDlg=0 openDlg=0 msgBox=0
[Notepad] draw: menu=0 dirty=0 saveDlg=0 openDlg=0 msgBox=0
[Notepad] draw: menu=0 dirty=0 saveDlg=0 openDlg=0 msgBox=0
[Notepad] draw: menu=0 dirty=0 saveDlg=0 openDlg=0 msgBox=0
[Notepad] draw: menu=0 dirty=0 saveDlg=0 openDlg=0 msgBox=0
[Notepad] draw: menu=0 dirty=0 saveDlg=0 openDlg=0 msgBox=0
[Notepad] draw: menu=0 dirty=0 saveDlg=0 openDlg=0 msgBox=0
[Notepad] draw: menu=0 dirty=0 saveDlg=0 openDlg=0 msgBox=0
[Notepad] draw: menu=0 dirty=0 saveDlg=0 openDlg=0 msgBox=0
[Notepad] draw: menu=0 dirty=0 saveDlg=0 openDlg=0 msgBox=0
[Notepad] draw: menu=0 dirty=0 saveDlg=0 openDlg=0 msgBox=0
[Notepad] draw: menu=0 dirty=0 saveDlg=0 openDlg=0 msgBox=0
[Notepad] draw: menu=0 dirty=0 saveDlg=0 openDlg=0 msgBox=0
[Notepad] draw: menu=0 dirty=0 saveDlg=0 openDlg=0 msgBox=0
[Notepad] draw: menu=0 dirty=0 saveDlg=0 openDlg=0 msgBox=0
[Notepad] draw: menu=0 dirty=0 saveDlg=0 openDlg=0 msgBox=0
[Notepad] draw: menu=0 dirty=0 saveDlg=0 openDlg=0 msgBox=0
[Notepad] draw: menu=0 dirty=0 saveDlg=0 openDlg=0 msgBox=0
[Notepad] draw: menu=0 dirty=0 saveDlg=0 openDlg=0 msgBox=0
[Notepad] draw: menu=0 dirty=0 saveDlg=0 openDlg=0 msgBox=0
[Notepad] draw: menu=0 dirty=0 saveDlg=0 openDlg=0 msgBox=0
[Notepad] draw: menu=0 dirty=0 saveDlg=0 openDlg=0 msgBox=0
[Notepad] draw: menu=0 dirty=0 saveDlg=0 openDlg=0 msgBox=0
[Notepad] draw: menu=0 dirty=0 saveDlg=0 openDlg=0 msgBox=0
[Notepad] draw: menu=0 dirty=0 saveDlg=0 openDlg=0 msgBox=0
[Notepad] draw: menu=0 dirty=0 saveDlg=0 openDlg=0 msgBox=0
[Notepad] draw: menu=0 dirty=0 saveDlg=0 openDlg=0 msgBox=0
[Notepad] draw: menu=0 dirty=0 saveDlg=0 openDlg=0 msgBox=0
[Notepad] draw: menu=0 dirty=0 saveDlg=0 openDlg=0 msgBox=0
[Notepad] draw: menu=0 dirty=0 saveDlg=0 openDlg=0 msgBox=0
[Notepad] draw: menu=0 dirty=0 saveDlg=0 openDlg=0 msgBox=0
[Notepad] draw: menu=0 dirty=0 saveDlg=0 openDlg=0 msgBox=0
[Notepad] draw: menu=0 dirty=0 saveDlg=0 openDlg=0 msgBox=0
[Notepad] draw: menu=0 dirty=0 saveDlg=0 openDlg=0 msgBox=0
[Notepad] draw: menu=0 dirty=0 saveDlg=0 openDlg=0 msgBox=0
[Notepad] draw: menu=0 dirty=0 saveDlg=0 openDlg=0 msgBox=0
[Notepad] draw: menu=0 dirty=0 saveDlg=0 openDlg=0 msgBox=0
[Notepad] draw: menu=0 dirty=0 saveDlg=0 openDlg=0 msgBox=0
[Notepad] draw: menu=0 dirty=0 saveDlg=0 openDlg=0 msgBox=0
[Notepad] draw: menu=0 dirty=0 saveDlg=0 openDlg=0 msgBox=0
[Notepad] draw: menu=0 dirty=0 saveDlg=0 openDlg=0 msgBox=0
[Notepad] draw: menu=0 dirty=0 saveDlg=0 openDlg=0 msgBox=0
[Notepad] draw: menu=0 dirty=0 saveDlg=0 openDlg=0 msgBox=0
[Notepad] draw: menu=0 dirty=0 saveDlg=0 openDlg=0 msgBox=0
[Notepad] draw: menu=0 dirty=0 saveDlg=0 openDlg=0 msgBox=0
[Notepad] draw: menu=0 dirty=0 saveDlg=0 openDlg=0 msgBox=0
[Notepad] draw: menu=0 dirty=0 saveDlg=0 openDlg=0 msgBox=0
[Notepad] draw: menu=0 dirty=0 saveDlg=0 openDlg=0 msgBox=0
[Notepad] draw: menu=0 dirty=0 saveDlg=0 openDlg=0 msgBox=0
[Notepad] draw: menu=0 dirty=0 saveDlg=0 openDlg=0 msgBox=0
[Notepad] draw: menu=0 dirty=0 saveDlg=0 openDlg=0 msgBox=0
[Notepad] draw: menu=0 dirty=0 saveDlg=0 openDlg=0 msgBox=0
[Notepad] draw: menu=0 dirty=0 saveDlg=0 openDlg=0 msgBox=0
[Notepad] draw: menu=0 dirty=0 saveDlg=0 openDlg=0 msgBox=0
[Notepad] draw: menu=0 dirty=0 saveDlg=0 openDlg=0 msgBox=0
[Notepad] draw: menu=0 dirty=0 saveDlg=0 openDlg=0 msgBox=0
[Notepad] draw: menu=0 dirty=0 saveDlg=0 openDlg=0 msgBox=0
[Notepad] draw: menu=0 dirty=0 saveDlg=0 openDlg=0 msgBox=0
[Notepad] draw: menu=0 dirty=0 saveDlg=0 openDlg=0 msgBox=0
[Notepad] draw: menu=0 dirty=0 saveDlg=0 openDlg=0 msgBox=0
[Notepad] draw: menu=0 dirty=0 saveDlg=0 openDlg=0 msgBox=0
[Notepad] draw: menu=0 dirty=0 saveDlg=0 openDlg=0 msgBox=0
[Notepad] draw: menu=0 dirty=0 saveDlg=0 openDlg=0 msgBox=0
[Notepad] draw: menu=0 dirty=0 saveDlg=0 openDlg=0 msgBox=0
[Notepad] draw: menu=0 dirty=0 saveDlg=0 openDlg=0 msgBox=0
[Notepad] draw: menu=0 dirty=0 saveDlg=0 openDlg=0 msgBox=0
[Notepad] draw: menu=0 dirty=0 saveDlg=0 openDlg=0 msgBox=0
[Notepad] draw: menu=0 dirty=0 saveDlg=0 openDlg=0 msgBox=0
[Notepad] draw: menu=0 dirty=0 saveDlg=0 openDlg=0 msgBox=0
[Notepad] draw: menu=0 dirty=0 saveDlg=0 openDlg=0 msgBox=0
[Notepad] draw: menu=0 dirty=0 saveDlg=0 openDlg=0 msgBox=0
[Notepad] draw: menu=0 dirty=0 saveDlg=0 openDlg=0 msgBox=0
[Notepad] draw: menu=0 dirty=0 saveDlg=0 openDlg=0 msgBox=0
[Notepad] draw: menu=0 dirty=0 saveDlg=0 openDlg=0 msgBox=0
[Notepad] draw: menu=0 dirty=0 saveDlg=0 openDlg=0 msgBox=0
[Notepad] draw: menu=0 dirty=0 saveDlg=0 openDlg=0 msgBox=0
[Notepad] draw: menu=0 dirty=0 saveDlg=0 openDlg=0 msgBox=0
[Notepad] draw: menu=0 dirty=0 saveDlg=0 openDlg=0 msgBox=0
[Notepad] draw: menu=0 dirty=0 saveDlg=0 openDlg=0 msgBox=0
[Notepad] draw: menu=0 dirty=0 saveDlg=0 openDlg=0 msgBox=0
[Notepad] draw: menu=0 dirty=0 saveDlg=0 openDlg=0 msgBox=0
[Notepad] draw: menu=0 dirty=0 saveDlg=0 openDlg=0 msgBox=0
[Notepad] draw: menu=0 dirty=0 saveDlg=0 openDlg=0 msgBox=0
[Notepad] draw: menu=0 dirty=0 saveDlg=0 openDlg=0 msgBox=0
[Notepad] draw: menu=0 dirty=0 saveDlg=0 openDlg=0 msgBox=0
[Notepad] draw: menu=0 dirty=0 saveDlg=0 openDlg=0 msgBox=0
[Notepad] draw: menu=0 dirty=0 saveDlg=0 openDlg=0 msgBox=0
[Notepad] draw: menu=0 dirty=0 saveDlg=0 openDlg=0 msgBox=0
[Notepad] draw: menu=0 dirty=0 saveDlg=0 openDlg=0 msgBox=0
[Notepad] draw: menu=0 dirty=0 saveDlg=0 openDlg=0 msgBox=0
[Notepad] draw: menu=0 dirty=0 saveDlg=0 openDlg=0 msgBox=0
[Notepad] draw: menu=0 dirty=0 saveDlg=0 openDlg=0 msgBox=0
[Notepad] draw: menu=0 dirty=0 saveDlg=0 openDlg=0 msgBox=0
[Notepad] draw: menu=0 dirty=0 saveDlg=0 openDlg=0 msgBox=0
[Notepad] draw: menu=0 dirty=0 saveDlg=0 openDlg=0 msgBox=0
[Notepad] draw: menu=0 dirty=0 saveDlg=0 openDlg=0 msgBox=0
[Notepad] draw: menu=0 dirty=0 saveDlg=0 openDlg=0 msgBox=0
[Notepad] draw: menu=0 dirty=0 saveDlg=0 openDlg=0 msgBox=0
[Notepad] draw: menu=0 dirty=0 saveDlg=0 openDlg=0 msgBox=0
[Notepad] draw: menu=0 dirty=0 saveDlg=0 openDlg=0 msgBox=0
[Notepad] draw: menu=0 dirty=0 saveDlg=0 openDlg=0 msgBox=0
[Notepad] draw: menu=0 dirty=0 saveDlg=0 openDlg=0 msgBox=0
[Notepad] draw: menu=0 dirty=0 saveDlg=0 openDlg=0 msgBox=0
[Notepad] draw: menu=0 dirty=0 saveDlg=0 openDlg=0 msgBox=0
[Notepad] draw: menu=0 dirty=0 saveDlg=0 openDlg=0 msgBox=0
[Notepad] draw: menu=0 dirty=0 saveDlg=0 openDlg=0 msgBox=0
[Notepad] draw: menu=0 dirty=0 saveDlg=0 openDlg=0 msgBox=0
[Notepad] draw: menu=0 dirty=0 saveDlg=0 openDlg=0 msgBox=0
[Notepad] draw: menu=0 dirty=0 saveDlg=0 openDlg=0 msgBox=0
[Notepad] draw: menu=0 dirty=0 saveDlg=0 openDlg=0 msgBox=0
[Notepad] draw: menu=0 dirty=0 saveDlg=0 openDlg=0 msgBox=0
[Notepad] draw: menu=0 dirty=0 saveDlg=0 openDlg=0 msgBox=0
[Notepad] draw: menu=0 dirty=0 saveDlg=0 openDlg=0 msgBox=0
[Notepad] draw: menu=0 dirty=0 saveDlg=0 openDlg=0 msgBox=0
[Notepad] draw: menu=0 dirty=0 saveDlg=0 openDlg=0 msgBox=0
[Notepad] draw: menu=0 dirty=0 saveDlg=0 openDlg=0 msgBox=0
[Notepad] draw: menu=0 dirty=0 saveDlg=0 openDlg=0 msgBox=0
[Notepad] draw: menu=0 dirty=0 saveDlg=0 openDlg=0 msgBox=0
[Notepad] draw: menu=0 dirty=0 saveDlg=0 openDlg=0 msgBox=0
[Notepad] draw: menu=0 dirty=0 saveDlg=0 openDlg=0 msgBox=0
[Notepad] draw: menu=0 dirty=0 saveDlg=0 openDlg=0 msgBox=0
[Notepad] draw: menu=0 dirty=0 saveDlg=0 openDlg=0 msgBox=0
[Notepad] draw: menu=0 dirty=0 saveDlg=0 openDlg=0 msgBox=0
[Notepad] draw: menu=0 dirty=0 saveDlg=0 openDlg=0 msgBox=0
[Notepad] draw: menu=0 dirty=0 saveDlg=0 openDlg=0 msgBox=0
[Notepad] draw: menu=0 dirty=0 saveDlg=0 openDlg=0 msgBox=0
[Notepad] draw: menu=0 dirty=0 saveDlg=0 openDlg=0 msgBox=0
[Notepad] draw: menu=0 dirty=0 saveDlg=0 openDlg=0 msgBox=0
[Notepad] draw: menu=0 dirty=0 saveDlg=0 openDlg=0 msgBox=0
[Notepad] draw: menu=0 dirty=0 saveDlg=0 openDlg=0 msgBox=0
[Notepad] draw: menu=0 dirty=0 saveDlg=0 openDlg=0 msgBox=0
[Notepad] draw: menu=0 dirty=0 saveDlg=0 openDlg=0 msgBox=0
[Notepad] draw: menu=0 dirty=0 saveDlg=0 openDlg=0 msgBox=0
[Notepad] draw: menu=0 dirty=0 saveDlg=0 openDlg=0 msgBox=0
[Notepad] draw: menu=0 dirty=0 saveDlg=0 openDlg=0 msgBox=0
[Notepad] draw: menu=0 dirty=0 saveDlg=0 openDlg=0 msgBox=0
[Notepad] draw: menu=0 dirty=0 saveDlg=0 openDlg=0 msgBox=0
[Notepad] draw: menu=0 dirty=0 saveDlg=0 openDlg=0 msgBox=0
[Notepad] draw: menu=0 dirty=0 saveDlg=0 openDlg=0 msgBox=0
[Notepad] draw: menu=0 dirty=0 saveDlg=0 openDlg=0 msgBox=0
[Notepad] draw: menu=0 dirty=0 saveDlg=0 openDlg=0 msgBox=0
[Notepad] draw: menu=0 dirty=0 saveDlg=0 openDlg=0 msgBox=0
[Notepad] draw: menu=0 dirty=0 saveDlg=0 openDlg=0 msgBox=0
[Notepad] draw: menu=0 dirty=0 saveDlg=0 openDlg=0 msgBox=0
[Notepad] draw: menu=0 dirty=0 saveDlg=0 openDlg=0 msgBox=0
[Notepad] draw: menu=0 dirty=0 saveDlg=0 openDlg=0 msgBox=0
[Notepad] draw: menu=0 dirty=0 saveDlg=0 openDlg=0 msgBox=0
[Notepad] draw: menu=0 dirty=0 saveDlg=0 openDlg=0 msgBox=0
[Notepad] draw: menu=0 dirty=0 saveDlg=0 openDlg=0 msgBox=0
[Notepad] draw: menu=0 dirty=0 saveDlg=0 openDlg=0 msgBox=0
[Notepad] draw: menu=0 dirty=0 saveDlg=0 openDlg=0 msgBox=0
[Notepad] draw: menu=0 dirty=0 saveDlg=0 openDlg=0 msgBox=0
[Notepad] draw: menu=0 dirty=0 saveDlg=0 openDlg=0 msgBox=0
[Notepad] draw: menu=0 dirty=0 saveDlg=0 openDlg=0 msgBox=0
[Notepad] draw: menu=0 dirty=0 saveDlg=0 openDlg=0 msgBox=0
[Notepad] draw: menu=0 dirty=0 saveDlg=0 openDlg=0 msgBox=0
[Notepad] draw: menu=0 dirty=0 saveDlg=0 openDlg=0 msgBox=0
[Notepad] draw: menu=0 dirty=0 saveDlg=0 openDlg=0 msgBox=0
[Notepad] draw: menu=0 dirty=0 saveDlg=0 openDlg=0 msgBox=0
[Notepad] draw: menu=0 dirty=0 saveDlg=0 openDlg=0 msgBox=0
[Notepad] draw: menu=0 dirty=0 saveDlg=0 openDlg=0 msgBox=0
[Notepad] draw: menu=0 dirty=0 saveDlg=0 openDlg=0 msgBox=0
[Notepad] draw: menu=0 dirty=0 saveDlg=0 openDlg=0 msgBox=0
[Notepad] draw: menu=0 dirty=0 saveDlg=0 openDlg=0 msgBox=0
[Notepad] draw: menu=0 dirty=0 saveDlg=0 openDlg=0 msgBox=0
[Notepad] draw: menu=0 dirty=0 saveDlg=0 openDlg=0 msgBox=0
[Notepad] draw: menu=0 dirty=0 saveDlg=0 openDlg=0 msgBox=0
[Notepad] draw: menu=0 dirty=0 saveDlg=0 openDlg=0 msgBox=0
[Notepad] draw: menu=0 dirty=0 saveDlg=0 openDlg=0 msgBox=0
[Notepad] draw: menu=0 dirty=0 saveDlg=0 openDlg=0 msgBox=0
[Notepad] draw: menu=0 dirty=0 saveDlg=0 openDlg=0 msgBox=0
[Notepad] draw: menu=0 dirty=0 saveDlg=0 openDlg=0 msgBox=0
[Notepad] draw: menu=0 dirty=0 saveDlg=0 openDlg=0 msgBox=0
[Notepad] draw: menu=0 dirty=0 saveDlg=0 openDlg=0 msgBox=0
[Notepad] draw: menu=0 dirty=0 saveDlg=0 openDlg=0 msgBox=0
[Notepad] draw: menu=0 dirty=0 saveDlg=0 openDlg=0 msgBox=0
[Notepad] draw: menu=0 dirty=0 saveDlg=0 openDlg=0 msgBox=0
[Notepad] draw: menu=0 dirty=0 saveDlg=0 openDlg=0 msgBox=0
[Notepad] draw: menu=0 dirty=0 saveDlg=0 openDlg=0 msgBox=0
[Notepad] draw: menu=0 dirty=0 saveDlg=0 openDlg=0 msgBox=0
[Notepad] draw: menu=0 dirty=0 saveDlg=0 openDlg=0 msgBox=0
[Notepad] draw: menu=0 dirty=0 saveDlg=0 openDlg=0 msgBox=0
[Notepad] draw: menu=0 dirty=0 saveDlg=0 openDlg=0 msgBox=0
[Notepad] draw: menu=0 dirty=0 saveDlg=0 openDlg=0 msgBox=0
[Notepad] draw: menu=0 dirty=0 saveDlg=0 openDlg=0 msgBox=0
[Notepad] draw: menu=0 dirty=0 saveDlg=0 openDlg=0 msgBox=0
[Notepad] draw: menu=0 dirty=0 saveDlg=0 openDlg=0 msgBox=0
[Notepad] draw: menu=0 dirty=0 saveDlg=0 openDlg=0 msgBox=0
[Notepad] draw: menu=0 dirty=0 saveDlg=0 openDlg=0 msgBox=0
[Notepad] draw: menu=0 dirty=0 saveDlg=0 openDlg=0 msgBox=0
[Notepad] draw: menu=0 dirty=0 saveDlg=0 openDlg=0 msgBox=0
[Notepad] draw: menu=0 dirty=0 saveDlg=0 openDlg=0 msgBox=0
[Notepad] draw: menu=0 dirty=0 saveDlg=0 openDlg=0 msgBox=0
[Notepad] draw: menu=0 dirty=0 saveDlg=0 openDlg=0 msgBox=0
[Notepad] draw: menu=0 dirty=0 saveDlg=0 openDlg=0 msgBox=0
[Notepad] draw: menu=0 dirty=0 saveDlg=0 openDlg=0 msgBox=0
[Notepad] draw: menu=0 dirty=0 saveDlg=0 openDlg=0 msgBox=0
[Notepad] draw: menu=0 dirty=0 saveDlg=0 openDlg=0 msgBox=0
[Notepad] draw: menu=0 dirty=0 saveDlg=0 openDlg=0 msgBox=0
[Notepad] draw: menu=0 dirty=0 saveDlg=0 openDlg=0 msgBox=0
[Notepad] draw: menu=0 dirty=0 saveDlg=0 openDlg=0 msgBox=0
[Notepad] draw: menu=0 dirty=0 saveDlg=0 openDlg=0 msgBox=0
[Notepad] draw: menu=0 dirty=0 saveDlg=0 openDlg=0 msgBox=0
[Notepad] draw: menu=0 dirty=0 saveDlg=0 openDlg=0 msgBox=0
[Notepad] draw: menu=0 dirty=0 saveDlg=0 openDlg=0 msgBox=0
[Notepad] draw: menu=0 dirty=0 saveDlg=0 openDlg=0 msgBox=0
[Notepad] draw: menu=0 dirty=0 saveDlg=0 openDlg=0 msgBox=0
[Notepad] draw: menu=0 dirty=0 saveDlg=0 openDlg=0 msgBox=0
[Notepad] draw: menu=0 dirty=0 saveDlg=0 openDlg=0 msgBox=0
[Notepad] draw: menu=0 dirty=0 saveDlg=0 openDlg=0 msgBox=0
[Notepad] draw: menu=0 dirty=0 saveDlg=0 openDlg=0 msgBox=0
[Notepad] draw: menu=0 dirty=0 saveDlg=0 openDlg=0 msgBox=0
[Notepad] draw: menu=0 dirty=0 saveDlg=0 openDlg=0 msgBox=0
[Notepad] draw: menu=0 dirty=0 saveDlg=0 openDlg=0 msgBox=0
[Notepad] draw: menu=0 dirty=0 saveDlg=0 openDlg=0 msgBox=0
[Notepad] draw: menu=0 dirty=0 saveDlg=0 openDlg=0 msgBox=0
[Notepad] draw: menu=0 dirty=0 saveDlg=0 openDlg=0 msgBox=0
[Notepad] draw: menu=0 dirty=0 saveDlg=0 openDlg=0 msgBox=0
[Notepad] draw: menu=0 dirty=0 saveDlg=0 openDlg=0 msgBox=0
[Notepad] draw: menu=0 dirty=0 saveDlg=0 openDlg=0 msgBox=0
[Notepad] draw: menu=0 dirty=0 saveDlg=0 openDlg=0 msgBox=0
[Notepad] draw: menu=0 dirty=0 saveDlg=0 openDlg=0 msgBox=0
[Notepad] draw: menu=0 dirty=0 saveDlg=0 openDlg=0 msgBox=0
[Notepad] draw: menu=0 dirty=0 saveDlg=0 openDlg=0 msgBox=0
[Notepad] draw: menu=0 dirty=0 saveDlg=0 openDlg=0 msgBox=0
[Notepad] draw: menu=0 dirty=0 saveDlg=0 openDlg=0 msgBox=0
[Notepad] draw: menu=0 dirty=0 saveDlg=0 openDlg=0 msgBox=0
[Notepad] draw: menu=0 dirty=0 saveDlg=0 openDlg=0 msgBox=0
[Notepad] draw: menu=0 dirty=0 saveDlg=0 openDlg=0 msgBox=0
[Notepad] draw: menu=0 dirty=0 saveDlg=0 openDlg=0 msgBox=0
[Notepad] draw: menu=0 dirty=0 saveDlg=0 openDlg=0 msgBox=0
[Notepad] draw: menu=0 dirty=0 saveDlg=0 openDlg=0 msgBox=0
[Notepad] draw: menu=0 dirty=0 saveDlg=0 openDlg=0 msgBox=0
[Notepad] draw: menu=0 dirty=0 saveDlg=0 openDlg=0 msgBox=0
[Notepad] draw: menu=0 dirty=0 saveDlg=0 openDlg=0 msgBox=0
[Notepad] draw: menu=0 dirty=0 saveDlg=0 openDlg=0 msgBox=0
[Notepad] draw: menu=0 dirty=0 saveDlg=0 openDlg=0 msgBox=0
[Notepad] draw: menu=0 dirty=0 saveDlg=0 openDlg=0 msgBox=0
[Notepad] draw: menu=0 dirty=0 saveDlg=0 openDlg=0 msgBox=0
[Notepad] draw: menu=0 dirty=0 saveDlg=0 openDlg=0 msgBox=0
